
> getglobalyields@0.0.1 build
> astro build

[LegacyContentConfigError] Found legacy content config file in "src\content\config.ts". Please move this file to "src/content.config.ts" and ensure each collection has a loader defined.
  Hint:
    See https://docs.astro.build/en/guides/upgrade—to/v6/#removed—legacy—content—collections for more information on updating collections.
  Error reference:
    https://docs.astro.build/en/reference/errors/legacy—content—config—error/
  Stack trace:
    at getContentPaths (file:///C:/Users/Zion/Dev/getglobalyields/node_modules/astro/dist/content/utils.js:526:15)
    at createSettings (file:///C:/Users/Zion/Dev/getglobalyields/node_modules/astro/dist/core/config/settings.js:146:20)
    at async build (file:///C:/Users/Zion/Dev/getglobalyields/node_modules/astro/dist/cli/build/index.js:29:3)
    at async cli (file:///C:/Users/Zion/Dev/getglobalyields/node_modules/astro/dist/cli/index.js:234:5)
Assertion failed: !(handle—>flags & UV_HANDLE_CLOSING), file src\win\async.c, line 76
